// Jest Snapshot v1, https://goo.gl/fbAQLP

exports[`header component testing shall have correct snapShot 1`] = `
<div
  className="p-menubar p-component"
  id={null}
  style={null}
>
  <ul
    className="p-menubar-root-list"
  >
    <li
      className="p-menuitem"
      onMouseEnter={[Function]}
    >
      <a
        className="p-menuitem-link"
        href="#"
        onClick={[Function]}
        onKeyDown={[Function]}
      >
        <span
          className="p-menuitem-text"
        >
          Home
        </span>
      </a>
    </li>
    <li
      className="p-menuitem"
      onMouseEnter={[Function]}
    >
      <a
        className="p-menuitem-link"
        href="#"
        onClick={[Function]}
        onKeyDown={[Function]}
      >
        <span
          className="p-menuitem-text"
        >
          Posts
        </span>
      </a>
    </li>
    <li
      className="p-menuitem"
      onMouseEnter={[Function]}
    >
      <a
        className="p-menuitem-link"
        href="#"
        onClick={[Function]}
        onKeyDown={[Function]}
      >
        <span
          className="p-menuitem-text"
        >
          About
        </span>
      </a>
    </li>
  </ul>
</div>
`;
